<UIButton; frame = (0 0; 22 22); opaque = NO; layer = <CALayer>>
   | <UIImageView; frame = (0 0; 22 22); clipsToBounds = YES; opaque = NO; userInteractionEnabled = NO; layer = <CALayer>>