<UIView; frame = (0 0; 1024 768); autoresize = W+H; layer = <CALayer>>
   | <UILabel; frame = (484.5 20; 55.5 20.5); text = 'What's'; userInteractionEnabled = NO; layer = <_UILabelLayer>>
   | <UILabel; frame = (0 384; 25 20.5); text = 'the'; userInteractionEnabled = NO; layer = <_UILabelLayer>>
   | <UILabel; frame = (985 384; 39 20.5); text = 'point'; userInteractionEnabled = NO; layer = <_UILabelLayer>>
   | <UILabel; frame = (508.5 750; 7.5 18); text = '?'; userInteractionEnabled = NO; layer = <_UILabelLayer>>