<UIView; frame = (0 0; 1112 834); autoresize = W+H; layer = <CALayer>>
   | <UILabel; frame = (528.5 20; 55.5 20.5); text = 'What's'; userInteractionEnabled = NO; layer = <_UILabelLayer>>
   | <UILabel; frame = (0 417; 25 20.5); text = 'the'; userInteractionEnabled = NO; layer = <_UILabelLayer>>
   | <UILabel; frame = (1073 417; 39 20.5); text = 'point'; userInteractionEnabled = NO; layer = <_UILabelLayer>>
   | <UILabel; frame = (552.5 816; 7.5 18); text = '?'; userInteractionEnabled = NO; layer = <_UILabelLayer>>