[   AF      LU ] h=--- v=--- NSButton "Push Me" f=(0,0,77,32) b=(-)
  [   A       LU ] h=--- v=--- NSButtonBezelView f=(0,0,77,32) b=(-)
  [   AF      LU ] h=--- v=--- NSButtonTextField "Push Me" f=(10,6,57,16) b=(-)
A=autoresizesSubviews, C=canDrawConcurrently, D=needsDisplay, F=flipped, G=gstate, H=hidden (h=by ancestor), L=needsLayout (l=child needsLayout), U=needsUpdateConstraints (u=child needsUpdateConstraints), O=opaque, P=preservesContentDuringLiveResize, S=scaled/rotated, W=wantsLayer (w=ancestor wantsLayer), V=needsVibrancy (v=allowsVibrancy), #=has surface
