<UIView; frame = (0 0; 320 568); autoresize = W+H; layer = <CALayer>>
   | <UILabel; frame = (133.5 20; 53 19.5); text = 'What's'; userInteractionEnabled = NO; layer = <_UILabelLayer>>
   | <UILabel; frame = (0 284.5; 24 19.5); text = 'the'; userInteractionEnabled = NO; layer = <_UILabelLayer>>
   | <UILabel; frame = (283 284.5; 37 19.5); text = 'point'; userInteractionEnabled = NO; layer = <_UILabelLayer>>
   | <UILabel; frame = (156.5 551; 7.5 17); text = '?'; userInteractionEnabled = NO; layer = <_UILabelLayer>>