GET https://www.pointfree.co/
Accept: text/html
Cookie: pf_session={}