<UIView; frame = (0 0; 414 896); autoresize = W+H; layer = <CALayer>>
   | <UILabel; frame = (180.5 44; 53 19.5); text = 'What's'; userInteractionEnabled = NO; layer = <_UILabelLayer>>
   | <UILabel; frame = (0 443.5; 24 19.5); text = 'the'; userInteractionEnabled = NO; layer = <_UILabelLayer>>
   | <UILabel; frame = (377 443.5; 37 19.5); text = 'point'; userInteractionEnabled = NO; layer = <_UILabelLayer>>
   | <UILabel; frame = (203.5 845; 7.5 17); text = '?'; userInteractionEnabled = NO; layer = <_UILabelLayer>>